round1_confirm legacy seed=1000576 success=True placed=True reason=None sim=4.500s wall=15.2s
round1_confirm v2.0 seed=1000576 success=False placed=False reason=first_attempt_no_fruit_at_detection sim=1.850s wall=13.2s
round1_confirm legacy seed=1000356 success=True placed=True reason=None sim=4.067s wall=19.5s
round1_confirm v2.0 seed=1000356 success=False placed=False reason=first_attempt_no_fruit_at_detection sim=0.900s wall=16.7s
{
  "normal": {
    "legacy": {
      "N": 2,
      "success_count": 2,
      "success_rate": 1.0,
      "placed": 2,
      "detached": 2,
      "failure_types": {},
      "branch_breaks": 0,
      "premature_detach": 0
    },
    "candidate": {
      "N": 2,
      "success_count": 0,
      "success_rate": 0.0,
      "placed": 0,
      "detached": 0,
      "failure_types": {
        "first_attempt_no_fruit_at_detection": 2
      },
      "branch_breaks": 0,
      "premature_detach": 2
    }
  },
  "stress": {
    "legacy": {
      "N": 0,
      "success_count": 0,
      "success_rate": null,
      "placed": 0,
      "detached": 0,
      "failure_types": {},
      "branch_breaks": 0,
      "premature_detach": 0
    },
    "candidate": {
      "N": 0,
      "success_count": 0,
      "success_rate": null,
      "placed": 0,
      "detached": 0,
      "failure_types": {},
      "branch_breaks": 0,
      "premature_detach": 0
    }
  },
  "all": {
    "legacy": {
      "N": 2,
      "success_count": 2,
      "success_rate": 1.0,
      "placed": 2,
      "detached": 2,
      "failure_types": {},
      "branch_breaks": 0,
      "premature_detach": 0
    },
    "candidate": {
      "N": 2,
      "success_count": 0,
      "success_rate": 0.0,
      "placed": 0,
      "detached": 0,
      "failure_types": {
        "first_attempt_no_fruit_at_detection": 2
      },
      "branch_breaks": 0,
      "premature_detach": 2
    }
  }
}
