round3 legacy seed=1000106 success=True placed=True reason=None sim=5.200s wall=20.5s
round3 transport_va1.5_a20 seed=1000106 success=True placed=True reason=None sim=5.833s wall=21.1s
round3 legacy seed=1000268 success=True placed=True reason=None sim=6.533s wall=21.0s
round3 transport_va1.5_a20 seed=1000268 success=True placed=True reason=None sim=6.500s wall=21.2s
round3 legacy seed=1000576 success=True placed=True reason=None sim=4.500s wall=14.9s
round3 transport_va1.5_a20 seed=1000576 success=True placed=True reason=None sim=4.800s wall=15.4s
round3 legacy seed=1000235 success=True placed=True reason=None sim=4.533s wall=20.6s
round3 transport_va1.5_a20 seed=1000235 success=True placed=True reason=None sim=4.667s wall=20.9s
round3 legacy seed=1000356 success=True placed=True reason=None sim=4.067s wall=19.6s
round3 transport_va1.5_a20 seed=1000356 success=True placed=True reason=None sim=4.833s wall=20.5s
round3 legacy seed=1000074 success=True placed=True reason=None sim=3.733s wall=28.1s
round3 transport_va1.5_a20 seed=1000074 success=True placed=True reason=None sim=3.933s wall=28.8s
round3 legacy seed=1000232 success=True placed=True reason=None sim=4.100s wall=14.2s
round3 transport_va1.5_a20 seed=1000232 success=True placed=True reason=None sim=4.767s wall=14.9s
round3 legacy seed=1000441 success=True placed=True reason=None sim=4.100s wall=13.1s
round3 transport_va1.5_a20 seed=1000441 success=True placed=True reason=None sim=4.733s wall=13.7s
{
  "normal": {
    "legacy": {
      "N": 6,
      "success_count": 6,
      "success_rate": 1.0,
      "placed": 6,
      "detached": 6,
      "failure_types": {},
      "branch_breaks": 0,
      "premature_detach": 0
    },
    "candidate": {
      "N": 6,
      "success_count": 6,
      "success_rate": 1.0,
      "placed": 6,
      "detached": 6,
      "failure_types": {},
      "branch_breaks": 0,
      "premature_detach": 0
    },
    "legacy_success_preservation": {
      "N": 6,
      "candidate_success": 6,
      "regressions": [],
      "recoveries": []
    }
  },
  "stress": {
    "legacy": {
      "N": 2,
      "success_count": 2,
      "success_rate": 1.0,
      "placed": 2,
      "detached": 2,
      "failure_types": {},
      "branch_breaks": 0,
      "premature_detach": 0
    },
    "candidate": {
      "N": 2,
      "success_count": 2,
      "success_rate": 1.0,
      "placed": 2,
      "detached": 2,
      "failure_types": {},
      "branch_breaks": 0,
      "premature_detach": 0
    },
    "legacy_success_preservation": {
      "N": 2,
      "candidate_success": 2,
      "regressions": [],
      "recoveries": []
    }
  },
  "all": {
    "legacy": {
      "N": 8,
      "success_count": 8,
      "success_rate": 1.0,
      "placed": 8,
      "detached": 8,
      "failure_types": {},
      "branch_breaks": 0,
      "premature_detach": 0
    },
    "candidate": {
      "N": 8,
      "success_count": 8,
      "success_rate": 1.0,
      "placed": 8,
      "detached": 8,
      "failure_types": {},
      "branch_breaks": 0,
      "premature_detach": 0
    },
    "legacy_success_preservation": {
      "N": 8,
      "candidate_success": 8,
      "regressions": [],
      "recoveries": []
    }
  }
}
