Warp 1.14.0 initialized:
   CUDA Toolkit 12.9, Driver 13.0
   Devices:
     "cpu"      : "x86_64"
     "cuda:0"   : "NVIDIA GeForce RTX 5060 Ti" (15 GiB, sm_120, mempool enabled)
   Kernel cache:
     /home/rosmontis/.cache/warp/1.14.0
Module newton._src.geometry.inertia 3654b45 load on device 'cuda:0' took 0.75 ms  (cached)
Module newton._src.utils.mesh 42a52d3 load on device 'cpu' took 0.62 ms  (cached)
Module validate_and_correct_inertia_kernel_2d598dcb 2d598dc load on device 'cuda:0' took 0.30 ms  (cached)
Module newton._src.geometry.bvh 9db2945 load on device 'cuda:0' took 0.40 ms  (cached)
Module newton._src.sim.articulation 2a0b555 load on device 'cuda:0' took 2.78 ms  (cached)
Module newton._src.sim.ik.ik_objectives d8ce1fd load on device 'cuda:0' took 0.93 ms  (cached)
Module newton._src.sim.ik.ik_solver 6c4f3d4 load on device 'cuda:0' took 0.66 ms  (cached)
Module IKOptimizerLM___build_specialized__locals___fk_local_14560587 1456058 load on device 'cuda:0' took 0.74 ms  (cached)
Module newton._src.sim.ik.ik_common b03dd21 load on device 'cuda:0' took 1.23 ms  (cached)
Module IKOptimizerLM___build_specialized__locals___compute_motion_subspace_2d_bb950486 bb95048 load on device 'cuda:0' took 1.68 ms  (cached)
Module _lm_solve_tiled_9_15_75f9c2ad 067dade load on device 'cuda:0' took 115.56 ms  (cached)
Module newton._src.sim.ik.ik_lm_optimizer 19bf2ef load on device 'cuda:0' took 1.15 ms  (cached)
Module warp._src.coloring 7eb14ba load on device 'cpu' took 0.21 ms  (cached)
Module newton._src.solvers.mujoco.kernels 7283641 load on device 'cuda:0' took 4.91 ms  (cached)
Module mujoco_warp._src.io 2f253d2 load on device 'cuda:0' took 1.91 ms  (cached)
Module mujoco_warp._src.smooth cf7a289 load on device 'cuda:0' took 1.78 ms  (cached)
Module _solve_LD_sparse_fused__locals__kernel_a3ab86fc 4c492ac load on device 'cuda:0' took 0.26 ms  (cached)
Module newton._src.viewer.kernels 0ebd705 load on device 'cuda:0' took 1.25 ms  (cached)
Module treesim.sim cb196b5 load on device 'cuda:0' took 0.39 ms  (cached)
Module treesim.fruit 363f62a load on device 'cuda:0' took 0.34 ms  (cached)
Module newton._src.sim.collide 6396eb6 load on device 'cuda:0' took 0.33 ms  (cached)
Module newton._src.geometry.broad_phase_nxn d0253b5 load on device 'cuda:0' took 0.26 ms  (cached)
Module narrow_phase_primitive_write_contact 51d816f load on device 'cuda:0' took 0.46 ms  (cached)
Module narrow_phase_gjk_mpr_True_write_contact_default_default b982692 load on device 'cuda:0' took 1.64 ms  (cached)
Module newton._src.geometry.narrow_phase ea48095 load on device 'cuda:0' took 0.56 ms  (cached)
Module newton._src.geometry.contact_reduction_global 1c91f28 load on device 'cuda:0' took 0.32 ms  (cached)
Module newton._src.geometry.narrow_phase 50781fa load on device 'cuda:0' took 0.54 ms  (cached)
Module newton._src.geometry.sdf_contact a42a4e3 load on device 'cuda:0' took 0.24 ms  (cached)
Module narrow_phase_mesh_plane_write_contact_to_reducer_True b3359c7 load on device 'cuda:0' took 0.27 ms  (cached)
Module mesh_triangle_contacts_to_reducer_kernel_2a472f3f 21580ab load on device 'cuda:0' took 1.10 ms  (cached)
Module newton._src.geometry.contact_reduction_global 5f5fcd6 load on device 'cuda:0' took 0.33 ms  (cached)
Module sdf_contact_write_contact_to_reducer_False_True e50e031 load on device 'cuda:0' took 0.63 ms  (cached)
Module export_reduced_contacts_write_contact dc5292a load on device 'cuda:0' took 0.27 ms  (cached)
Module mujoco_warp._src.constraint e56f243 load on device 'cuda:0' took 1.16 ms  (cached)
Module _efc_contact_init__locals__kernel_7561548c 7561548 load on device 'cuda:0' took 0.27 ms  (cached)
Module _efc_contact_jac_sparse__locals__kernel_a4c07dfc a4c07df load on device 'cuda:0' took 0.26 ms  (cached)
Module _efc_contact_update__locals__kernel_c8073923 c807392 load on device 'cuda:0' took 0.28 ms  (cached)
Module mujoco_warp._src.forward f5bfed4 load on device 'cuda:0' took 0.76 ms  (cached)
Module mujoco_warp._src.passive cc48b2a load on device 'cuda:0' took 0.57 ms  (cached)
Module mujoco_warp._src.forward 46b3f78 load on device 'cuda:0' took 0.77 ms  (cached)
Module mujoco_warp._src.support d1e71d9 load on device 'cuda:0' took 0.27 ms  (cached)
Module mujoco_warp._src.solver d53b47b load on device 'cuda:0' took 0.89 ms  (cached)
Module solve_init_jaref__locals__kernel_1797aedf 1797aed load on device 'cuda:0' took 0.26 ms  (cached)
Module mul_m_sparse__locals___mul_m_sparse_57bd8101 57bd810 load on device 'cuda:0' took 0.30 ms  (cached)
Module update_constraint_efc__locals__kernel_e7fd7693 e7fd769 load on device 'cuda:0' took 0.26 ms  (cached)
Module update_constraint_gauss_cost__locals__kernel_43fd0e64 43fd0e6 load on device 'cuda:0' took 0.25 ms  (cached)
Module linesearch_jv_fused__locals__kernel_4086991a 4086991 load on device 'cuda:0' took 0.27 ms  (cached)
Module linesearch_iterative__locals__kernel_6637ae6e d82a261 load on device 'cuda:0' took 0.37 ms  (cached)
Module mujoco_warp._src.sensor a993087 load on device 'cuda:0' took 1.34 ms  (cached)
Module mujoco_warp._src.derivative 212adeb load on device 'cuda:0' took 0.53 ms  (cached)
Module newton._src.sensors.warp_raytrace.utils 9ea0eac load on device 'cuda:0' took 0.57 ms  (cached)
Module newton._src.sensors.warp_raytrace.render 86ef8fc load on device 'cuda:0' took 0.56 ms  (cached)
Module newton._src.sensors.warp_raytrace.render aaf67e1 load on device 'cuda:0' took 0.84 ms  (cached)
Module treesim.springs ef9e8c7 load on device 'cuda:0' took 15.23 ms  (cached)
B PASS no two-finger contact + close: no attachment
Traceback (most recent call last):
  File "/home/rosmontis/Projects/orchardbench/scripts/test_gate0_abc.py", line 154, in <module>
    {'A': reset_smoke, 'B': assist_smoke, 'C': placement_smoke}[args.test]()
  File "/home/rosmontis/Projects/orchardbench/scripts/test_gate0_abc.py", line 122, in assist_smoke
    assert info['held_apple_id_debug'] is None and env.sim.apples._held.numpy()[0] == 0
           ^^^^^^^^^^^^^^^^^^^^^^^^^^^^^^^^^^^^^^^^^^^^^^^^^^^^^^^^^^^^^^^^^^^^^^^^^^^^
AssertionError
