{
  "profile": "transport_va0.5_a20",
  "counts": {
    "normal": {
      "N": 6,
      "success_count": 6,
      "success_rate": 1.0,
      "placed": 6,
      "detached": 6,
      "failure_types": {},
      "branch_breaks": 0,
      "premature_detach": 0,
      "vla_success_equivalent": 6
    },
    "stress": {
      "N": 2,
      "success_count": 1,
      "success_rate": 0.5,
      "placed": 2,
      "detached": 2,
      "failure_types": {
        "incidental_detach": 1
      },
      "branch_breaks": 0,
      "premature_detach": 0,
      "vla_success_equivalent": 2
    },
    "all": {
      "N": 8,
      "success_count": 7,
      "success_rate": 0.875,
      "placed": 8,
      "detached": 8,
      "failure_types": {
        "incidental_detach": 1
      },
      "branch_breaks": 0,
      "premature_detach": 0,
      "vla_success_equivalent": 8
    }
  },
  "envelope": {
    "ALL": {
      "intervals": 1757,
      "translation": 0.042686397268070574,
      "rotation": 0.10187820147979511,
      "either": 0.13545816733067728
    },
    "REACH": {
      "intervals": 77,
      "translation": 0.6103896103896104,
      "rotation": 0.23376623376623376,
      "either": 0.7402597402597403
    },
    "GRASP": {
      "intervals": 137,
      "translation": 0.0948905109489051,
      "rotation": 0.30656934306569344,
      "either": 0.40145985401459855
    },
    "PULL": {
      "intervals": 392,
      "translation": 0.0,
      "rotation": 0.015306122448979591,
      "either": 0.015306122448979591
    },
    "TRANSPORT": {
      "intervals": 895,
      "translation": 0.01675977653631285,
      "rotation": 0.11955307262569832,
      "either": 0.12737430167597766
    },
    "DROP": {
      "intervals": 240,
      "translation": 0.0,
      "rotation": 0.025,
      "either": 0.025
    }
  }
}
